
============================================================
TILE 4x4
============================================================
CS683 PA-1 Task 1  2D convolution optimization harness

=== Workload  H=2048 W=2048 K=3 seed=1234 (not graded) ===
stage           correct    time(ms)     GFLOP/s    speedup
--------------------------------------------------------------
naive (ref)     yes          18.096        4.17      1.00x
tile            yes          21.411        3.53      0.85x

 Performance counter stats for './bin/conv tile':

     <not counted>      cpu_atom/instructions/                                                  (0.00%)
     8,614,475,271      cpu_core/instructions/                                                
     <not counted>      cpu_atom/L1-dcache-loads/                                               (0.00%)
     1,820,252,171      cpu_core/L1-dcache-loads/                                             
   <not supported>      cpu_atom/L1-dcache-load-misses/                                       
         9,145,616      cpu_core/L1-dcache-load-misses/                                       

       0.478083560 seconds time elapsed

       0.452960000 seconds user
       0.024997000 seconds sys



============================================================
TILE 8x8
============================================================
CS683 PA-1 Task 1  2D convolution optimization harness

=== Workload  H=2048 W=2048 K=3 seed=1234 (not graded) ===
stage           correct    time(ms)     GFLOP/s    speedup
--------------------------------------------------------------
naive (ref)     yes          18.084        4.17      1.00x
tile            yes          22.917        3.29      0.79x

 Performance counter stats for './bin/conv tile':

     <not counted>      cpu_atom/instructions/                                                  (0.00%)
     8,430,672,429      cpu_core/instructions/                                                
     <not counted>      cpu_atom/L1-dcache-loads/                                               (0.00%)
     1,738,534,326      cpu_core/L1-dcache-loads/                                             
   <not supported>      cpu_atom/L1-dcache-load-misses/                                       
         8,632,041      cpu_core/L1-dcache-load-misses/                                       

       0.490666554 seconds time elapsed

       0.469319000 seconds user
       0.021014000 seconds sys



============================================================
TILE 16x16
============================================================
CS683 PA-1 Task 1  2D convolution optimization harness

=== Workload  H=2048 W=2048 K=3 seed=1234 (not graded) ===
stage           correct    time(ms)     GFLOP/s    speedup
--------------------------------------------------------------
naive (ref)     yes          18.061        4.18      1.00x
tile            yes          19.481        3.88      0.93x

 Performance counter stats for './bin/conv tile':

     <not counted>      cpu_atom/instructions/                                                  (0.00%)
     8,347,742,833      cpu_core/instructions/                                                
     <not counted>      cpu_atom/L1-dcache-loads/                                               (0.00%)
     1,699,937,707      cpu_core/L1-dcache-loads/                                             
   <not supported>      cpu_atom/L1-dcache-load-misses/                                       
        10,833,115      cpu_core/L1-dcache-load-misses/                                       

       0.454405270 seconds time elapsed

       0.435193000 seconds user
       0.019008000 seconds sys



============================================================
TILE 32x32
============================================================
CS683 PA-1 Task 1  2D convolution optimization harness

=== Workload  H=2048 W=2048 K=3 seed=1234 (not graded) ===
stage           correct    time(ms)     GFLOP/s    speedup
--------------------------------------------------------------
naive (ref)     yes          18.072        4.18      1.00x
tile            yes          18.282        4.13      0.99x

 Performance counter stats for './bin/conv tile':

     <not counted>      cpu_atom/instructions/                                                  (0.00%)
     8,306,278,273      cpu_core/instructions/                                                
     <not counted>      cpu_atom/L1-dcache-loads/                                               (0.00%)
     1,680,761,180      cpu_core/L1-dcache-loads/                                             
   <not supported>      cpu_atom/L1-dcache-load-misses/                                       
         9,403,292      cpu_core/L1-dcache-load-misses/                                       

       0.442725866 seconds time elapsed

       0.418470000 seconds user
       0.024027000 seconds sys



============================================================
TILE 64x64
============================================================
CS683 PA-1 Task 1  2D convolution optimization harness

=== Workload  H=2048 W=2048 K=3 seed=1234 (not graded) ===
stage           correct    time(ms)     GFLOP/s    speedup
--------------------------------------------------------------
naive (ref)     yes          18.079        4.18      1.00x
tile            yes          20.892        3.61      0.87x

 Performance counter stats for './bin/conv tile':

     <not counted>      cpu_atom/instructions/                                                  (0.00%)
     8,288,761,463      cpu_core/instructions/                                                
     <not counted>      cpu_atom/L1-dcache-loads/                                               (0.00%)
     1,671,885,962      cpu_core/L1-dcache-loads/                                             
   <not supported>      cpu_atom/L1-dcache-load-misses/                                       
         8,551,365      cpu_core/L1-dcache-load-misses/                                       

       0.475111022 seconds time elapsed

       0.448964000 seconds user
       0.025940000 seconds sys



============================================================
TILE 128x128
============================================================
CS683 PA-1 Task 1  2D convolution optimization harness

=== Workload  H=2048 W=2048 K=3 seed=1234 (not graded) ===
stage           correct    time(ms)     GFLOP/s    speedup
--------------------------------------------------------------
naive (ref)     yes          18.070        4.18      1.00x
tile            yes          18.138        4.16      1.00x

 Performance counter stats for './bin/conv tile':

     <not counted>      cpu_atom/instructions/                                                  (0.00%)
     8,277,763,150      cpu_core/instructions/                                                
     <not counted>      cpu_atom/L1-dcache-loads/                                               (0.00%)
     1,666,961,886      cpu_core/L1-dcache-loads/                                             
   <not supported>      cpu_atom/L1-dcache-load-misses/                                       
         8,139,119      cpu_core/L1-dcache-load-misses/                                       

       0.440354058 seconds time elapsed

       0.416179000 seconds user
       0.024010000 seconds sys



============================================================
TILE 256x256
============================================================
CS683 PA-1 Task 1  2D convolution optimization harness

=== Workload  H=2048 W=2048 K=3 seed=1234 (not graded) ===
stage           correct    time(ms)     GFLOP/s    speedup
--------------------------------------------------------------
naive (ref)     yes          18.092        4.17      1.00x
tile            yes          17.032        4.43      1.06x

 Performance counter stats for './bin/conv tile':

     <not counted>      cpu_atom/instructions/                                                  (0.00%)
     8,272,311,604      cpu_core/instructions/                                                
     <not counted>      cpu_atom/L1-dcache-loads/                                               (0.00%)
     1,664,541,258      cpu_core/L1-dcache-loads/                                             
   <not supported>      cpu_atom/L1-dcache-load-misses/                                       
         7,929,800      cpu_core/L1-dcache-load-misses/                                       

       0.432767480 seconds time elapsed

       0.408648000 seconds user
       0.023979000 seconds sys



============================================================
TILE 512x512
============================================================
CS683 PA-1 Task 1  2D convolution optimization harness

=== Workload  H=2048 W=2048 K=3 seed=1234 (not graded) ===
stage           correct    time(ms)     GFLOP/s    speedup
--------------------------------------------------------------
naive (ref)     yes          18.063        4.18      1.00x
tile            yes          16.759        4.50      1.08x

 Performance counter stats for './bin/conv tile':

     <not counted>      cpu_atom/instructions/                                                  (0.00%)
     8,269,935,613      cpu_core/instructions/                                                
     <not counted>      cpu_atom/L1-dcache-loads/                                               (0.00%)
     1,663,383,769      cpu_core/L1-dcache-loads/                                             
   <not supported>      cpu_atom/L1-dcache-load-misses/                                       
         7,884,600      cpu_core/L1-dcache-load-misses/                                       

       0.432658938 seconds time elapsed

       0.406401000 seconds user
       0.025961000 seconds sys


